
Discarded input sections

 .bss           0x0000000000000000        0x0 build/drawing.o
 .ARM.attributes
                0x0000000000000000       0x14 build/drawing.o
 .bss           0x0000000000000000        0x0 build/frameBuffer.o
 .ARM.attributes
                0x0000000000000000       0x14 build/frameBuffer.o
 .bss           0x0000000000000000        0x0 build/gpio.o
 .ARM.attributes
                0x0000000000000000       0x14 build/gpio.o
 .bss           0x0000000000000000        0x0 build/mailbox.o
 .ARM.attributes
                0x0000000000000000       0x14 build/mailbox.o
 .bss           0x0000000000000000        0x0 build/main.o
 .ARM.attributes
                0x0000000000000000       0x14 build/main.o

Memory Configuration

Name             Origin             Length             Attributes
*default*        0x0000000000000000 0xffffffffffffffff

Linker script and memory map

LOAD build/drawing.o
LOAD build/frameBuffer.o
LOAD build/gpio.o
LOAD build/mailbox.o
LOAD build/main.o

.init           0x0000000000008000        0x4
 *(.init)
 .init          0x0000000000008000        0x4 build/main.o
                0x0000000000008000                _start

.text           0x0000000000008004      0x388
 *(.text)
 .text          0x0000000000008004      0x1d8 build/drawing.o
                0x0000000000008004                SetForeColour
                0x000000000000801c                SetGraphicsAddress
                0x0000000000008028                DrawPixel
                0x0000000000008074                DrawLine
                0x00000000000080f4                DrawCharacter
                0x000000000000815c                DrawString
 .text          0x00000000000081dc       0x60 build/frameBuffer.o
                0x00000000000081dc                InitialiseFrameBuffer
 .text          0x000000000000823c       0x80 build/gpio.o
                0x000000000000823c                GetGpioAddress
                0x0000000000008244                SetGpioFunction
                0x000000000000827c                SetGpio
 .text          0x00000000000082bc       0x78 build/mailbox.o
                0x00000000000082bc                GetMailboxBase
                0x00000000000082c4                MailboxWrite
                0x00000000000082f8                MailboxRead
 .text          0x0000000000008334       0x58 build/main.o

.data           0x0000000000009000     0x200c
 *(.data)
 .data          0x0000000000009000      0x810 build/drawing.o
 *fill*         0x0000000000009810      0x7f0 
 .data          0x000000000000a000     0x1000 build/frameBuffer.o
                0x000000000000a000                FrameBufferInfo
 .data          0x000000000000b000        0x0 build/gpio.o
 .data          0x000000000000b000        0x0 build/mailbox.o
 .data          0x000000000000b000        0xc build/main.o
                0x000000000000b000                hello

/DISCARD/
 *(*)
OUTPUT(build/output.elf elf32-littlearm)
